mode: set
storeSystem/internal/handlers/auth_handler.go:16.66,19.63 2 1
storeSystem/internal/handlers/auth_handler.go:19.63,22.3 2 1
storeSystem/internal/handlers/auth_handler.go:24.2,25.16 2 1
storeSystem/internal/handlers/auth_handler.go:25.16,28.3 2 1
storeSystem/internal/handlers/auth_handler.go:30.2,32.16 2 1
storeSystem/internal/handlers/auth_handler.go:32.16,35.3 2 0
storeSystem/internal/handlers/auth_handler.go:37.2,38.16 2 1
storeSystem/internal/handlers/auth_handler.go:38.16,41.3 2 0
storeSystem/internal/handlers/auth_handler.go:43.2,57.4 2 1
storeSystem/internal/handlers/auth_handler.go:60.67,74.2 2 1
storeSystem/internal/handlers/auth_handler.go:76.63,78.9 2 1
storeSystem/internal/handlers/auth_handler.go:78.9,81.3 2 1
storeSystem/internal/handlers/auth_handler.go:83.2,87.4 1 1
storeSystem/internal/handlers/auth_handler.go:90.73,93.63 2 1
storeSystem/internal/handlers/auth_handler.go:93.63,96.3 2 1
storeSystem/internal/handlers/auth_handler.go:98.2,99.16 2 1
storeSystem/internal/handlers/auth_handler.go:99.16,102.3 2 1
storeSystem/internal/handlers/auth_handler.go:104.2,105.16 2 0
storeSystem/internal/handlers/auth_handler.go:105.16,108.3 2 0
storeSystem/internal/handlers/auth_handler.go:110.2,111.16 2 0
storeSystem/internal/handlers/auth_handler.go:111.16,114.3 2 0
storeSystem/internal/handlers/auth_handler.go:116.2,116.48 1 0
storeSystem/internal/handlers/counterparty_handler.go:13.81,17.16 4 1
storeSystem/internal/handlers/counterparty_handler.go:17.16,20.3 2 0
storeSystem/internal/handlers/counterparty_handler.go:21.2,21.51 1 1
storeSystem/internal/handlers/counterparty_handler.go:24.80,28.16 3 1
storeSystem/internal/handlers/counterparty_handler.go:28.16,31.3 2 1
storeSystem/internal/handlers/counterparty_handler.go:32.2,33.16 2 1
storeSystem/internal/handlers/counterparty_handler.go:33.16,36.3 2 1
storeSystem/internal/handlers/counterparty_handler.go:37.2,37.49 1 1
storeSystem/internal/handlers/counterparty_handler.go:40.79,43.63 2 1
storeSystem/internal/handlers/counterparty_handler.go:43.63,46.3 2 1
storeSystem/internal/handlers/counterparty_handler.go:48.2,50.16 2 1
storeSystem/internal/handlers/counterparty_handler.go:50.16,53.3 2 1
storeSystem/internal/handlers/counterparty_handler.go:54.2,54.54 1 1
storeSystem/internal/handlers/delivery_handler.go:14.77,19.16 3 1
storeSystem/internal/handlers/delivery_handler.go:19.16,22.3 2 0
storeSystem/internal/handlers/delivery_handler.go:23.2,23.40 1 1
storeSystem/internal/handlers/delivery_handler.go:26.76,30.16 3 1
storeSystem/internal/handlers/delivery_handler.go:30.16,33.3 2 1
storeSystem/internal/handlers/delivery_handler.go:34.2,35.16 2 1
storeSystem/internal/handlers/delivery_handler.go:35.16,38.3 2 1
storeSystem/internal/handlers/delivery_handler.go:39.2,39.40 1 1
storeSystem/internal/handlers/delivery_handler.go:42.75,45.63 2 1
storeSystem/internal/handlers/delivery_handler.go:45.63,48.3 2 1
storeSystem/internal/handlers/delivery_handler.go:50.2,50.43 1 1
storeSystem/internal/handlers/delivery_handler.go:50.43,53.3 2 1
storeSystem/internal/handlers/delivery_handler.go:55.2,57.16 2 1
storeSystem/internal/handlers/delivery_handler.go:57.16,60.3 2 0
storeSystem/internal/handlers/delivery_handler.go:61.2,61.45 1 1
storeSystem/internal/handlers/delivery_handler.go:64.89,68.16 3 1
storeSystem/internal/handlers/delivery_handler.go:68.16,71.3 2 1
storeSystem/internal/handlers/delivery_handler.go:72.2,74.16 2 1
storeSystem/internal/handlers/delivery_handler.go:74.16,77.3 2 1
storeSystem/internal/handlers/delivery_handler.go:78.2,78.42 1 1
storeSystem/internal/handlers/delivery_handler.go:81.77,84.16 3 1
storeSystem/internal/handlers/delivery_handler.go:84.16,87.3 2 1
storeSystem/internal/handlers/delivery_handler.go:89.2,90.16 2 1
storeSystem/internal/handlers/delivery_handler.go:90.16,93.3 2 1
storeSystem/internal/handlers/delivery_handler.go:95.2,97.4 1 1
storeSystem/internal/handlers/delivery_list_handler.go:16.80,19.16 2 0
storeSystem/internal/handlers/delivery_list_handler.go:19.16,22.3 2 0
storeSystem/internal/handlers/delivery_list_handler.go:23.2,23.45 1 0
storeSystem/internal/handlers/delivery_list_handler.go:26.80,30.16 3 1
storeSystem/internal/handlers/delivery_list_handler.go:30.16,33.3 2 1
storeSystem/internal/handlers/delivery_list_handler.go:34.2,35.16 2 1
storeSystem/internal/handlers/delivery_list_handler.go:35.16,38.3 2 1
storeSystem/internal/handlers/delivery_list_handler.go:39.2,39.44 1 1
storeSystem/internal/handlers/delivery_list_handler.go:42.79,45.63 2 1
storeSystem/internal/handlers/delivery_list_handler.go:45.63,48.3 2 1
storeSystem/internal/handlers/delivery_list_handler.go:50.2,50.44 1 1
storeSystem/internal/handlers/delivery_list_handler.go:50.44,53.3 2 1
storeSystem/internal/handlers/delivery_list_handler.go:55.2,57.16 2 1
storeSystem/internal/handlers/delivery_list_handler.go:57.16,60.3 2 1
storeSystem/internal/handlers/delivery_list_handler.go:61.2,61.49 1 1
storeSystem/internal/handlers/delivery_list_handler.go:64.87,66.16 2 1
storeSystem/internal/handlers/delivery_list_handler.go:66.16,68.3 1 1
storeSystem/internal/handlers/delivery_list_handler.go:70.2,71.21 2 1
storeSystem/internal/handlers/delivery_list_handler.go:71.21,73.3 1 1
storeSystem/internal/handlers/delivery_list_handler.go:75.2,86.16 9 1
storeSystem/internal/handlers/delivery_list_handler.go:86.16,88.3 1 1
storeSystem/internal/handlers/delivery_list_handler.go:89.2,89.21 1 1
storeSystem/internal/handlers/delivery_list_handler.go:92.79,94.16 2 1
storeSystem/internal/handlers/delivery_list_handler.go:94.16,98.3 3 1
storeSystem/internal/handlers/delivery_list_handler.go:99.2,109.6 7 1
storeSystem/internal/handlers/delivery_list_handler.go:109.6,111.20 2 1
storeSystem/internal/handlers/delivery_list_handler.go:111.20,112.9 1 1
storeSystem/internal/handlers/delivery_list_handler.go:114.3,114.17 1 1
storeSystem/internal/handlers/delivery_list_handler.go:114.17,117.4 2 0
storeSystem/internal/handlers/delivery_list_handler.go:119.3,119.16 1 1
storeSystem/internal/handlers/delivery_list_handler.go:119.16,121.12 2 1
storeSystem/internal/handlers/delivery_list_handler.go:124.3,127.17 3 1
storeSystem/internal/handlers/delivery_list_handler.go:127.17,130.4 2 0
storeSystem/internal/handlers/delivery_list_handler.go:132.3,132.35 1 1
storeSystem/internal/handlers/delivery_list_handler.go:135.2,135.43 1 1
storeSystem/internal/handlers/handlers.go:43.13,57.2 1 0
storeSystem/internal/handlers/handlers.go:59.82,63.2 3 1
storeSystem/internal/handlers/handlers.go:65.78,67.2 1 1
storeSystem/internal/handlers/item_handler.go:13.72,16.16 2 1
storeSystem/internal/handlers/item_handler.go:16.16,19.3 2 0
storeSystem/internal/handlers/item_handler.go:20.2,20.42 1 1
storeSystem/internal/handlers/item_handler.go:23.72,27.16 3 1
storeSystem/internal/handlers/item_handler.go:27.16,30.3 2 1
storeSystem/internal/handlers/item_handler.go:31.2,32.16 2 1
storeSystem/internal/handlers/item_handler.go:32.16,35.3 2 1
storeSystem/internal/handlers/item_handler.go:36.2,36.41 1 1
storeSystem/internal/handlers/item_handler.go:39.71,42.63 2 1
storeSystem/internal/handlers/item_handler.go:42.63,45.3 2 1
storeSystem/internal/handlers/item_handler.go:47.2,47.44 1 1
storeSystem/internal/handlers/item_handler.go:47.44,50.3 2 1
storeSystem/internal/handlers/item_handler.go:52.2,54.16 2 1
storeSystem/internal/handlers/item_handler.go:54.16,57.3 2 1
storeSystem/internal/handlers/item_handler.go:58.2,58.46 1 1
storeSystem/internal/handlers/item_handler.go:61.71,65.16 3 1
storeSystem/internal/handlers/item_handler.go:65.16,68.3 2 1
storeSystem/internal/handlers/item_handler.go:70.2,73.16 3 1
storeSystem/internal/handlers/item_handler.go:73.16,76.3 2 1
storeSystem/internal/handlers/item_handler.go:78.2,78.69 1 1
storeSystem/internal/handlers/item_handler.go:78.69,80.3 1 1
storeSystem/internal/handlers/item_handler.go:81.2,83.16 2 1
storeSystem/internal/handlers/item_handler.go:83.16,84.56 1 1
storeSystem/internal/handlers/item_handler.go:84.56,86.4 1 1
storeSystem/internal/handlers/item_handler.go:86.9,88.4 1 1
storeSystem/internal/handlers/item_handler.go:89.3,89.9 1 1
storeSystem/internal/handlers/item_handler.go:91.2,91.41 1 1
storeSystem/internal/handlers/middleware.go:15.67,16.71 1 1
storeSystem/internal/handlers/middleware.go:16.71,18.17 2 1
storeSystem/internal/handlers/middleware.go:18.17,21.4 2 1
storeSystem/internal/handlers/middleware.go:23.3,23.25 1 1
storeSystem/internal/handlers/middleware.go:23.25,26.4 2 0
storeSystem/internal/handlers/middleware.go:28.3,29.17 2 1
storeSystem/internal/handlers/middleware.go:29.17,32.4 2 0
storeSystem/internal/handlers/middleware.go:34.3,35.40 2 1
storeSystem/internal/handlers/middleware.go:39.75,42.2 2 1
storeSystem/internal/handlers/middleware.go:44.53,45.46 1 1
storeSystem/internal/handlers/middleware.go:45.46,46.72 1 1
storeSystem/internal/handlers/middleware.go:46.72,48.11 2 1
storeSystem/internal/handlers/middleware.go:48.11,51.5 2 1
storeSystem/internal/handlers/middleware.go:53.4,53.26 1 1
storeSystem/internal/handlers/middleware.go:53.26,56.5 2 0
storeSystem/internal/handlers/middleware.go:57.4,57.78 1 1
storeSystem/internal/handlers/report_handler.go:22.60,24.16 2 1
storeSystem/internal/handlers/report_handler.go:24.16,26.3 1 0
storeSystem/internal/handlers/report_handler.go:28.2,28.122 1 1
storeSystem/internal/handlers/report_handler.go:28.122,30.3 1 0
storeSystem/internal/handlers/report_handler.go:32.2,32.31 1 1
storeSystem/internal/handlers/report_handler.go:32.31,39.46 2 1
storeSystem/internal/handlers/report_handler.go:39.46,41.4 1 0
storeSystem/internal/handlers/report_handler.go:43.2,43.12 1 1
storeSystem/internal/handlers/report_handler.go:46.70,48.16 2 0
storeSystem/internal/handlers/report_handler.go:48.16,50.3 1 0
storeSystem/internal/handlers/report_handler.go:52.2,52.238 1 0
storeSystem/internal/handlers/report_handler.go:52.238,54.3 1 0
storeSystem/internal/handlers/report_handler.go:56.2,56.38 1 0
storeSystem/internal/handlers/report_handler.go:56.38,66.46 2 0
storeSystem/internal/handlers/report_handler.go:66.46,68.4 1 0
storeSystem/internal/handlers/report_handler.go:70.2,70.12 1 0
storeSystem/internal/handlers/report_handler.go:73.95,78.33 4 1
storeSystem/internal/handlers/report_handler.go:79.15,80.42 1 1
storeSystem/internal/handlers/report_handler.go:81.25,82.52 1 0
storeSystem/internal/handlers/report_handler.go:83.10,84.75 1 1
storeSystem/internal/handlers/report_handler.go:87.2,87.26 1 1
storeSystem/internal/handlers/report_handler.go:87.26,89.3 1 1
storeSystem/internal/handlers/report_handler.go:91.2,92.39 2 1
storeSystem/internal/handlers/report_handler.go:92.39,94.3 1 0
storeSystem/internal/handlers/report_handler.go:96.2,104.16 4 1
storeSystem/internal/handlers/report_handler.go:104.16,106.3 1 0
storeSystem/internal/handlers/report_handler.go:108.2,117.16 2 1
storeSystem/internal/handlers/report_handler.go:117.16,119.3 1 0
storeSystem/internal/handlers/report_handler.go:121.2,124.8 1 1
storeSystem/internal/handlers/report_handler.go:127.75,130.64 2 0
storeSystem/internal/handlers/report_handler.go:130.64,133.3 2 0
storeSystem/internal/handlers/report_handler.go:135.2,136.9 2 0
storeSystem/internal/handlers/report_handler.go:136.9,139.3 2 0
storeSystem/internal/handlers/report_handler.go:140.2,144.16 3 0
storeSystem/internal/handlers/report_handler.go:144.16,147.3 2 0
storeSystem/internal/handlers/report_handler.go:149.2,152.4 1 0
storeSystem/internal/handlers/report_handler.go:155.76,157.9 2 1
storeSystem/internal/handlers/report_handler.go:157.9,160.3 2 1
storeSystem/internal/handlers/report_handler.go:161.2,164.16 3 1
storeSystem/internal/handlers/report_handler.go:164.16,167.3 2 0
storeSystem/internal/handlers/report_handler.go:169.2,181.33 3 1
storeSystem/internal/handlers/report_handler.go:181.33,183.17 2 1
storeSystem/internal/handlers/report_handler.go:183.17,184.12 1 1
storeSystem/internal/handlers/report_handler.go:187.3,195.5 1 1
storeSystem/internal/handlers/report_handler.go:198.2,198.43 1 1
storeSystem/internal/handlers/shipment_handler.go:14.76,19.16 3 1
storeSystem/internal/handlers/shipment_handler.go:19.16,22.3 2 0
storeSystem/internal/handlers/shipment_handler.go:24.2,24.39 1 1
storeSystem/internal/handlers/shipment_handler.go:27.76,31.16 3 1
storeSystem/internal/handlers/shipment_handler.go:31.16,34.3 2 1
storeSystem/internal/handlers/shipment_handler.go:36.2,37.16 2 1
storeSystem/internal/handlers/shipment_handler.go:37.16,40.3 2 1
storeSystem/internal/handlers/shipment_handler.go:42.2,42.39 1 1
storeSystem/internal/handlers/shipment_handler.go:45.75,48.63 2 1
storeSystem/internal/handlers/shipment_handler.go:48.63,51.3 2 1
storeSystem/internal/handlers/shipment_handler.go:53.2,53.43 1 1
storeSystem/internal/handlers/shipment_handler.go:53.43,56.3 2 1
storeSystem/internal/handlers/shipment_handler.go:58.2,59.16 2 1
storeSystem/internal/handlers/shipment_handler.go:59.16,62.3 2 1
storeSystem/internal/handlers/shipment_handler.go:64.2,64.44 1 1
storeSystem/internal/handlers/shipment_handler.go:67.89,71.16 3 1
storeSystem/internal/handlers/shipment_handler.go:71.16,74.3 2 1
storeSystem/internal/handlers/shipment_handler.go:76.2,77.16 2 1
storeSystem/internal/handlers/shipment_handler.go:77.16,80.3 2 1
storeSystem/internal/handlers/shipment_handler.go:82.2,82.42 1 1
storeSystem/internal/handlers/shipment_handler.go:85.77,88.16 3 1
storeSystem/internal/handlers/shipment_handler.go:88.16,91.3 2 1
storeSystem/internal/handlers/shipment_handler.go:93.2,94.16 2 1
storeSystem/internal/handlers/shipment_handler.go:94.16,97.3 2 1
storeSystem/internal/handlers/shipment_handler.go:99.2,101.4 1 1
storeSystem/internal/handlers/shipment_list_handler.go:16.80,19.16 2 1
storeSystem/internal/handlers/shipment_list_handler.go:19.16,22.3 2 0
storeSystem/internal/handlers/shipment_list_handler.go:24.2,24.42 1 1
storeSystem/internal/handlers/shipment_list_handler.go:27.80,31.16 3 1
storeSystem/internal/handlers/shipment_list_handler.go:31.16,34.3 2 1
storeSystem/internal/handlers/shipment_list_handler.go:36.2,37.16 2 1
storeSystem/internal/handlers/shipment_list_handler.go:37.16,40.3 2 1
storeSystem/internal/handlers/shipment_list_handler.go:42.2,42.41 1 1
storeSystem/internal/handlers/shipment_list_handler.go:45.79,48.63 2 1
storeSystem/internal/handlers/shipment_list_handler.go:48.63,51.3 2 1
storeSystem/internal/handlers/shipment_list_handler.go:53.2,53.44 1 1
storeSystem/internal/handlers/shipment_list_handler.go:53.44,56.3 2 1
storeSystem/internal/handlers/shipment_list_handler.go:58.2,59.16 2 1
storeSystem/internal/handlers/shipment_list_handler.go:59.16,62.3 2 1
storeSystem/internal/handlers/shipment_list_handler.go:64.2,64.46 1 1
storeSystem/internal/handlers/shipment_list_handler.go:67.95,69.16 2 1
storeSystem/internal/handlers/shipment_list_handler.go:69.16,71.3 1 1
storeSystem/internal/handlers/shipment_list_handler.go:73.2,74.21 2 1
storeSystem/internal/handlers/shipment_list_handler.go:74.21,76.3 1 1
storeSystem/internal/handlers/shipment_list_handler.go:78.2,89.16 9 1
storeSystem/internal/handlers/shipment_list_handler.go:89.16,91.3 1 0
storeSystem/internal/handlers/shipment_list_handler.go:93.2,93.18 1 1
storeSystem/internal/handlers/shipment_list_handler.go:96.79,98.16 2 0
storeSystem/internal/handlers/shipment_list_handler.go:98.16,102.3 3 0
storeSystem/internal/handlers/shipment_list_handler.go:103.2,114.6 7 0
storeSystem/internal/handlers/shipment_list_handler.go:114.6,116.20 2 0
storeSystem/internal/handlers/shipment_list_handler.go:116.20,117.9 1 0
storeSystem/internal/handlers/shipment_list_handler.go:119.3,119.17 1 0
storeSystem/internal/handlers/shipment_list_handler.go:119.17,122.4 2 0
storeSystem/internal/handlers/shipment_list_handler.go:124.3,124.16 1 0
storeSystem/internal/handlers/shipment_list_handler.go:124.16,126.12 2 0
storeSystem/internal/handlers/shipment_list_handler.go:129.3,132.17 3 0
storeSystem/internal/handlers/shipment_list_handler.go:132.17,135.4 2 0
storeSystem/internal/handlers/shipment_list_handler.go:137.3,137.32 1 0
storeSystem/internal/handlers/shipment_list_handler.go:140.2,140.43 1 0
storeSystem/internal/handlers/stock_handler.go:8.73,11.26 2 1
storeSystem/internal/handlers/stock_handler.go:11.26,14.3 2 1
storeSystem/internal/handlers/stock_handler.go:16.2,16.16 1 1
storeSystem/internal/handlers/stock_handler.go:16.16,19.3 2 1
storeSystem/internal/handlers/stock_handler.go:20.2,20.43 1 1
storeSystem/internal/handlers/websocket_handler.go:25.42,25.57 1 0
storeSystem/internal/handlers/websocket_handler.go:28.67,34.9 5 0
storeSystem/internal/handlers/websocket_handler.go:34.9,36.3 1 0
storeSystem/internal/handlers/websocket_handler.go:38.2,39.16 2 0
storeSystem/internal/handlers/websocket_handler.go:39.16,42.3 2 0
storeSystem/internal/handlers/websocket_handler.go:44.2,45.16 2 0
storeSystem/internal/handlers/websocket_handler.go:45.16,48.3 2 0
storeSystem/internal/handlers/websocket_handler.go:50.2,51.16 2 0
storeSystem/internal/handlers/websocket_handler.go:51.16,53.3 1 0
storeSystem/internal/handlers/websocket_handler.go:55.2,62.33 3 0
storeSystem/internal/handlers/websocket_handler.go:62.33,64.3 1 0
storeSystem/internal/handlers/websocket_handler.go:65.2,68.15 3 0
storeSystem/internal/handlers/websocket_handler.go:68.15,71.3 2 0
storeSystem/internal/handlers/websocket_handler.go:73.2,73.6 1 0
storeSystem/internal/handlers/websocket_handler.go:73.6,74.50 1 0
storeSystem/internal/handlers/websocket_handler.go:74.50,75.9 1 0
storeSystem/internal/handlers/websocket_handler.go:80.78,86.27 4 1
storeSystem/internal/handlers/websocket_handler.go:86.27,87.23 1 1
storeSystem/internal/handlers/websocket_handler.go:87.23,89.9 2 1
storeSystem/internal/handlers/websocket_handler.go:93.2,93.20 1 1
storeSystem/internal/handlers/websocket_handler.go:93.20,95.3 1 0
storeSystem/internal/handlers/websocket_handler.go:95.8,97.3 1 1
storeSystem/internal/handlers/websocket_handler.go:100.80,107.30 5 0
storeSystem/internal/handlers/websocket_handler.go:107.30,109.17 2 0
storeSystem/internal/handlers/websocket_handler.go:109.17,111.12 2 0
storeSystem/internal/handlers/websocket_handler.go:113.3,113.29 1 0
storeSystem/internal/handlers/websocket_handler.go:116.2,117.21 2 0
storeSystem/internal/handlers/websocket_handler.go:117.21,119.3 1 0
storeSystem/internal/handlers/websocket_handler.go:119.8,121.3 1 0
storeSystem/internal/handlers/websocket_handler.go:122.2,122.15 1 0
storeSystem/internal/handlers/websocket_handler.go:125.45,130.6 3 0
storeSystem/internal/handlers/websocket_handler.go:130.6,131.10 1 0
storeSystem/internal/handlers/websocket_handler.go:132.31,133.16 1 0
storeSystem/internal/handlers/websocket_handler.go:133.16,134.13 1 0
storeSystem/internal/handlers/websocket_handler.go:137.4,138.64 2 0
storeSystem/internal/handlers/websocket_handler.go:138.64,139.13 1 0
storeSystem/internal/handlers/websocket_handler.go:142.4,142.23 1 0
storeSystem/internal/handlers/websocket_handler.go:147.51,152.47 4 1
storeSystem/internal/handlers/websocket_handler.go:152.47,154.28 1 1
storeSystem/internal/handlers/websocket_handler.go:154.28,159.22 3 1
storeSystem/internal/handlers/websocket_handler.go:160.20,161.91 1 1
storeSystem/internal/handlers/websocket_handler.go:163.20,164.91 1 0
storeSystem/internal/handlers/websocket_handler.go:167.4,167.18 1 1
storeSystem/internal/handlers/websocket_handler.go:167.18,173.13 4 1
storeSystem/internal/handlers/websocket_handler.go:176.4,178.61 2 0
