mode: set
storeSystem/internal/database/mocks/counterparty_store_mock.go:11.73,18.2 1 0
storeSystem/internal/database/mocks/counterparty_store_mock.go:20.79,22.13 1 0
storeSystem/internal/database/mocks/counterparty_store_mock.go:22.13,27.3 1 0
storeSystem/internal/database/mocks/counterparty_store_mock.go:29.2,29.50 1 0
storeSystem/internal/database/mocks/counterparty_store_mock.go:32.108,34.34 1 0
storeSystem/internal/database/mocks/counterparty_store_mock.go:34.34,36.3 1 0
storeSystem/internal/database/mocks/counterparty_store_mock.go:38.2,41.8 1 0
storeSystem/internal/database/mocks/delivery_list_store_mock.go:13.73,21.2 1 0
storeSystem/internal/database/mocks/delivery_list_store_mock.go:24.79,25.13 1 0
storeSystem/internal/database/mocks/delivery_list_store_mock.go:25.13,31.3 1 0
storeSystem/internal/database/mocks/delivery_list_store_mock.go:33.2,33.37 1 0
storeSystem/internal/database/mocks/delivery_list_store_mock.go:37.88,38.13 1 0
storeSystem/internal/database/mocks/delivery_list_store_mock.go:38.13,45.3 1 0
storeSystem/internal/database/mocks/delivery_list_store_mock.go:47.2,47.37 1 0
storeSystem/internal/database/mocks/delivery_list_store_mock.go:51.108,53.33 1 0
storeSystem/internal/database/mocks/delivery_list_store_mock.go:53.33,55.3 1 0
storeSystem/internal/database/mocks/delivery_list_store_mock.go:57.2,66.8 1 0
storeSystem/internal/database/mocks/delivery_list_store_mock.go:70.142,72.42 1 0
storeSystem/internal/database/mocks/delivery_list_store_mock.go:72.42,74.3 1 0
storeSystem/internal/database/mocks/delivery_list_store_mock.go:76.2,76.24 1 0
storeSystem/internal/database/mocks/delivery_list_store_mock.go:76.24,78.3 1 0
storeSystem/internal/database/mocks/delivery_list_store_mock.go:80.2,80.28 1 0
storeSystem/internal/database/mocks/delivery_list_store_mock.go:80.28,82.3 1 0
storeSystem/internal/database/mocks/delivery_list_store_mock.go:84.2,93.8 1 0
storeSystem/internal/database/mocks/delivery_store_mock.go:10.65,14.2 1 0
storeSystem/internal/database/mocks/delivery_store_mock.go:16.77,20.2 1 0
storeSystem/internal/database/mocks/delivery_store_mock.go:22.71,23.13 1 0
storeSystem/internal/database/mocks/delivery_store_mock.go:23.13,25.3 1 0
storeSystem/internal/database/mocks/delivery_store_mock.go:26.2,26.37 1 0
storeSystem/internal/database/mocks/delivery_store_mock.go:29.96,30.32 1 0
storeSystem/internal/database/mocks/delivery_store_mock.go:30.32,32.3 1 0
storeSystem/internal/database/mocks/delivery_store_mock.go:34.2,34.59 1 0
storeSystem/internal/database/mocks/delivery_store_mock.go:37.60,38.15 1 0
storeSystem/internal/database/mocks/delivery_store_mock.go:38.15,40.3 1 0
storeSystem/internal/database/mocks/delivery_store_mock.go:41.2,41.12 1 0
storeSystem/internal/database/mocks/item_store_mock.go:10.57,17.2 1 0
storeSystem/internal/database/mocks/item_store_mock.go:19.63,20.13 1 0
storeSystem/internal/database/mocks/item_store_mock.go:20.13,25.3 1 0
storeSystem/internal/database/mocks/item_store_mock.go:27.2,27.44 1 0
storeSystem/internal/database/mocks/item_store_mock.go:30.84,31.33 1 0
storeSystem/internal/database/mocks/item_store_mock.go:31.33,33.3 1 0
storeSystem/internal/database/mocks/item_store_mock.go:35.2,38.8 1 0
storeSystem/internal/database/mocks/item_store_mock.go:41.92,42.15 1 0
storeSystem/internal/database/mocks/item_store_mock.go:42.15,44.3 1 0
storeSystem/internal/database/mocks/item_store_mock.go:46.2,46.58 1 0
storeSystem/internal/database/mocks/item_store_mock.go:46.58,48.3 1 0
storeSystem/internal/database/mocks/item_store_mock.go:50.2,52.8 1 0
storeSystem/internal/database/mocks/minio_store_mock.go:12.89,13.18 1 0
storeSystem/internal/database/mocks/minio_store_mock.go:13.18,15.3 1 0
storeSystem/internal/database/mocks/minio_store_mock.go:17.2,20.8 1 0
storeSystem/internal/database/mocks/minio_store_mock.go:23.61,24.18 1 0
storeSystem/internal/database/mocks/minio_store_mock.go:24.18,26.3 1 0
storeSystem/internal/database/mocks/minio_store_mock.go:28.2,28.27 1 0
storeSystem/internal/database/mocks/report_store_mock.go:13.121,14.18 1 0
storeSystem/internal/database/mocks/report_store_mock.go:14.18,16.3 1 0
storeSystem/internal/database/mocks/report_store_mock.go:17.2,17.12 1 0
storeSystem/internal/database/mocks/report_store_mock.go:20.76,33.2 1 0
storeSystem/internal/database/mocks/shipment_list_mock.go:13.73,23.2 1 0
storeSystem/internal/database/mocks/shipment_list_mock.go:25.79,26.13 1 0
storeSystem/internal/database/mocks/shipment_list_mock.go:26.13,32.3 1 0
storeSystem/internal/database/mocks/shipment_list_mock.go:34.2,34.51 1 0
storeSystem/internal/database/mocks/shipment_list_mock.go:37.88,38.13 1 0
storeSystem/internal/database/mocks/shipment_list_mock.go:38.13,46.3 1 0
storeSystem/internal/database/mocks/shipment_list_mock.go:48.2,48.37 1 0
storeSystem/internal/database/mocks/shipment_list_mock.go:51.108,52.33 1 0
storeSystem/internal/database/mocks/shipment_list_mock.go:52.33,54.3 1 0
storeSystem/internal/database/mocks/shipment_list_mock.go:55.2,63.8 1 0
storeSystem/internal/database/mocks/shipment_list_mock.go:70.44,72.42 1 0
storeSystem/internal/database/mocks/shipment_list_mock.go:72.42,74.3 1 0
storeSystem/internal/database/mocks/shipment_list_mock.go:76.2,76.24 1 0
storeSystem/internal/database/mocks/shipment_list_mock.go:76.24,78.3 1 0
storeSystem/internal/database/mocks/shipment_list_mock.go:80.2,80.28 1 0
storeSystem/internal/database/mocks/shipment_list_mock.go:80.28,82.3 1 0
storeSystem/internal/database/mocks/shipment_list_mock.go:84.2,95.8 1 0
storeSystem/internal/database/mocks/shipment_store_mock.go:10.65,17.2 1 0
storeSystem/internal/database/mocks/shipment_store_mock.go:19.76,26.2 1 0
storeSystem/internal/database/mocks/shipment_store_mock.go:28.71,29.13 1 0
storeSystem/internal/database/mocks/shipment_store_mock.go:29.13,34.3 1 0
storeSystem/internal/database/mocks/shipment_store_mock.go:36.2,36.46 1 0
storeSystem/internal/database/mocks/shipment_store_mock.go:39.96,40.32 1 0
storeSystem/internal/database/mocks/shipment_store_mock.go:40.32,42.3 1 0
storeSystem/internal/database/mocks/shipment_store_mock.go:44.2,47.8 1 0
storeSystem/internal/database/mocks/shipment_store_mock.go:50.60,51.15 1 0
storeSystem/internal/database/mocks/shipment_store_mock.go:51.15,53.3 1 0
storeSystem/internal/database/mocks/shipment_store_mock.go:54.2,54.12 1 0
storeSystem/internal/database/mocks/stock_store_mock.go:12.59,21.2 1 0
storeSystem/internal/database/mocks/stock_store_mock.go:25.64,27.2 1 0
storeSystem/internal/database/mocks/stock_store_mock.go:31.64,33.2 1 0
storeSystem/internal/database/mocks/worker_store_mock.go:12.82,13.25 1 0
storeSystem/internal/database/mocks/worker_store_mock.go:13.25,22.3 2 0
storeSystem/internal/database/mocks/worker_store_mock.go:24.2,24.37 1 0
storeSystem/internal/database/mocks/worker_store_mock.go:27.90,28.32 1 0
storeSystem/internal/database/mocks/worker_store_mock.go:28.32,30.3 1 0
storeSystem/internal/database/mocks/worker_store_mock.go:32.2,36.8 1 0
storeSystem/internal/config/config.go:22.19,24.16 2 0
storeSystem/internal/config/config.go:24.16,26.3 1 0
storeSystem/internal/config/config.go:28.2,36.3 1 0
storeSystem/internal/config/config.go:39.53,40.48 1 0
storeSystem/internal/config/config.go:40.48,42.3 1 0
storeSystem/internal/config/config.go:43.2,43.21 1 0
storeSystem/internal/config/config.go:46.52,47.49 1 0
storeSystem/internal/config/config.go:47.49,48.55 1 0
storeSystem/internal/config/config.go:48.55,50.4 1 0
storeSystem/internal/config/config.go:52.2,52.21 1 0
storeSystem/internal/config/config.go:55.55,56.49 1 0
storeSystem/internal/config/config.go:56.49,57.60 1 0
storeSystem/internal/config/config.go:57.60,59.4 1 0
storeSystem/internal/config/config.go:61.2,61.21 1 0
storeSystem/internal/database/counterparty.go:15.59,17.2 1 0
storeSystem/internal/database/counterparty.go:19.69,26.16 5 0
storeSystem/internal/database/counterparty.go:26.16,28.3 1 0
storeSystem/internal/database/counterparty.go:29.2,29.28 1 0
storeSystem/internal/database/counterparty.go:32.75,38.26 4 0
storeSystem/internal/database/counterparty.go:38.26,40.3 1 0
storeSystem/internal/database/counterparty.go:41.2,41.16 1 0
storeSystem/internal/database/counterparty.go:41.16,43.3 1 0
storeSystem/internal/database/counterparty.go:44.2,44.27 1 0
storeSystem/internal/database/counterparty.go:47.104,57.16 4 0
storeSystem/internal/database/counterparty.go:57.16,59.3 1 0
storeSystem/internal/database/counterparty.go:60.2,60.27 1 0
storeSystem/internal/database/database.go:8.52,10.16 2 0
storeSystem/internal/database/database.go:10.16,12.3 1 0
storeSystem/internal/database/database.go:14.2,17.16 3 0
storeSystem/internal/database/delivery.go:16.51,18.2 1 0
storeSystem/internal/database/delivery.go:20.61,26.16 4 0
storeSystem/internal/database/delivery.go:26.16,28.3 1 0
storeSystem/internal/database/delivery.go:29.2,29.17 1 0
storeSystem/internal/database/delivery.go:32.73,38.16 4 0
storeSystem/internal/database/delivery.go:38.16,40.3 1 0
storeSystem/internal/database/delivery.go:41.2,41.17 1 0
storeSystem/internal/database/delivery.go:44.67,50.26 4 0
storeSystem/internal/database/delivery.go:50.26,52.3 1 0
storeSystem/internal/database/delivery.go:53.2,53.16 1 0
storeSystem/internal/database/delivery.go:53.16,55.3 1 0
storeSystem/internal/database/delivery.go:56.2,56.18 1 0
storeSystem/internal/database/delivery.go:59.92,71.16 5 0
storeSystem/internal/database/delivery.go:71.16,73.3 1 0
storeSystem/internal/database/delivery.go:74.2,74.18 1 0
storeSystem/internal/database/delivery.go:77.64,102.2 3 0
storeSystem/internal/database/delivery_list.go:16.59,18.2 1 0
storeSystem/internal/database/delivery_list.go:20.69,26.16 4 0
storeSystem/internal/database/delivery_list.go:26.16,28.3 1 0
storeSystem/internal/database/delivery_list.go:29.2,29.22 1 0
storeSystem/internal/database/delivery_list.go:32.75,38.26 4 0
storeSystem/internal/database/delivery_list.go:38.26,40.3 1 0
storeSystem/internal/database/delivery_list.go:41.2,41.16 1 0
storeSystem/internal/database/delivery_list.go:41.16,43.3 1 0
storeSystem/internal/database/delivery_list.go:44.2,44.22 1 0
storeSystem/internal/database/delivery_list.go:47.84,53.26 4 0
storeSystem/internal/database/delivery_list.go:53.26,55.3 1 0
storeSystem/internal/database/delivery_list.go:56.2,56.16 1 0
storeSystem/internal/database/delivery_list.go:56.16,58.3 1 0
storeSystem/internal/database/delivery_list.go:59.2,59.22 1 0
storeSystem/internal/database/delivery_list.go:62.104,74.16 5 0
storeSystem/internal/database/delivery_list.go:74.16,76.3 1 0
storeSystem/internal/database/delivery_list.go:77.2,77.22 1 0
storeSystem/internal/database/delivery_list.go:94.129,95.42 1 0
storeSystem/internal/database/delivery_list.go:95.42,97.3 1 0
storeSystem/internal/database/delivery_list.go:99.2,99.35 1 0
storeSystem/internal/database/delivery_list.go:99.35,101.3 1 0
storeSystem/internal/database/delivery_list.go:103.2,104.16 2 0
storeSystem/internal/database/delivery_list.go:104.16,106.3 1 0
storeSystem/internal/database/delivery_list.go:107.2,112.24 4 0
storeSystem/internal/database/delivery_list.go:112.24,114.3 1 0
storeSystem/internal/database/delivery_list.go:116.2,122.16 2 0
storeSystem/internal/database/delivery_list.go:122.16,123.27 1 0
storeSystem/internal/database/delivery_list.go:123.27,125.4 1 0
storeSystem/internal/database/delivery_list.go:126.3,126.18 1 0
storeSystem/internal/database/delivery_list.go:129.2,136.16 3 0
storeSystem/internal/database/delivery_list.go:136.16,138.3 1 0
storeSystem/internal/database/delivery_list.go:139.2,139.26 1 0
storeSystem/internal/database/delivery_list.go:139.26,141.3 1 0
storeSystem/internal/database/delivery_list.go:143.2,151.16 3 0
storeSystem/internal/database/delivery_list.go:151.16,153.3 1 0
storeSystem/internal/database/delivery_list.go:155.2,189.16 3 0
storeSystem/internal/database/delivery_list.go:189.16,191.3 1 0
storeSystem/internal/database/delivery_list.go:193.2,201.16 2 0
storeSystem/internal/database/delivery_list.go:201.16,203.3 1 0
storeSystem/internal/database/delivery_list.go:205.2,211.16 2 0
storeSystem/internal/database/delivery_list.go:211.16,213.3 1 0
storeSystem/internal/database/delivery_list.go:215.2,215.35 1 0
storeSystem/internal/database/delivery_list.go:215.35,217.3 1 0
storeSystem/internal/database/delivery_list.go:219.2,219.22 1 0
storeSystem/internal/database/item.go:16.43,18.2 1 0
storeSystem/internal/database/item.go:20.53,26.16 4 0
storeSystem/internal/database/item.go:26.16,28.3 1 0
storeSystem/internal/database/item.go:29.2,29.19 1 0
storeSystem/internal/database/item.go:32.59,40.26 4 0
storeSystem/internal/database/item.go:40.26,42.3 1 0
storeSystem/internal/database/item.go:43.2,43.16 1 0
storeSystem/internal/database/item.go:43.16,45.3 1 0
storeSystem/internal/database/item.go:46.2,46.19 1 0
storeSystem/internal/database/item.go:49.80,61.16 5 0
storeSystem/internal/database/item.go:61.16,63.3 1 0
storeSystem/internal/database/item.go:64.2,64.19 1 0
storeSystem/internal/database/item.go:67.93,69.16 2 0
storeSystem/internal/database/item.go:69.16,71.3 1 0
storeSystem/internal/database/item.go:72.2,72.33 1 0
storeSystem/internal/database/item.go:72.33,74.3 1 0
storeSystem/internal/database/item.go:75.2,75.29 1 0
storeSystem/internal/database/item.go:75.29,77.3 1 0
storeSystem/internal/database/item.go:78.2,78.23 1 0
storeSystem/internal/database/item.go:78.23,80.3 1 0
storeSystem/internal/database/item.go:81.2,81.26 1 0
storeSystem/internal/database/item.go:81.26,83.3 1 0
storeSystem/internal/database/item.go:84.2,92.16 5 0
storeSystem/internal/database/item.go:92.16,94.3 1 0
storeSystem/internal/database/item.go:95.2,95.26 1 0
storeSystem/internal/database/report.go:13.47,15.2 1 0
storeSystem/internal/database/report.go:17.117,26.2 2 0
storeSystem/internal/database/report.go:28.72,36.16 2 0
storeSystem/internal/database/report.go:36.16,38.3 1 0
storeSystem/internal/database/report.go:39.2,42.18 3 0
storeSystem/internal/database/report.go:42.18,55.17 3 0
storeSystem/internal/database/report.go:55.17,57.4 1 0
storeSystem/internal/database/report.go:58.3,58.31 1 0
storeSystem/internal/database/report.go:61.2,61.28 1 0
storeSystem/internal/database/shipment.go:15.51,17.2 1 0
storeSystem/internal/database/shipment.go:19.61,25.16 4 0
storeSystem/internal/database/shipment.go:25.16,27.3 1 0
storeSystem/internal/database/shipment.go:28.2,28.19 1 0
storeSystem/internal/database/shipment.go:31.72,37.16 4 0
storeSystem/internal/database/shipment.go:37.16,39.3 1 0
storeSystem/internal/database/shipment.go:40.2,40.19 1 0
storeSystem/internal/database/shipment.go:43.67,49.26 4 0
storeSystem/internal/database/shipment.go:49.26,51.3 1 0
storeSystem/internal/database/shipment.go:52.2,52.16 1 0
storeSystem/internal/database/shipment.go:52.16,54.3 1 0
storeSystem/internal/database/shipment.go:55.2,55.20 1 0
storeSystem/internal/database/shipment.go:58.92,68.16 4 0
storeSystem/internal/database/shipment.go:68.16,70.3 1 0
storeSystem/internal/database/shipment.go:71.2,71.19 1 0
storeSystem/internal/database/shipment.go:74.64,102.2 3 0
storeSystem/internal/database/shipment_list.go:16.59,18.2 1 0
storeSystem/internal/database/shipment_list.go:20.69,25.16 4 0
storeSystem/internal/database/shipment_list.go:25.16,27.3 1 0
storeSystem/internal/database/shipment_list.go:28.2,28.19 1 0
storeSystem/internal/database/shipment_list.go:31.75,36.26 4 0
storeSystem/internal/database/shipment_list.go:36.26,38.3 1 0
storeSystem/internal/database/shipment_list.go:39.2,39.16 1 0
storeSystem/internal/database/shipment_list.go:39.16,41.3 1 0
storeSystem/internal/database/shipment_list.go:42.2,42.19 1 0
storeSystem/internal/database/shipment_list.go:45.84,50.16 4 0
storeSystem/internal/database/shipment_list.go:50.16,52.3 1 0
storeSystem/internal/database/shipment_list.go:53.2,53.19 1 0
storeSystem/internal/database/shipment_list.go:56.104,58.16 2 0
storeSystem/internal/database/shipment_list.go:58.16,60.3 1 0
storeSystem/internal/database/shipment_list.go:61.2,92.16 6 0
storeSystem/internal/database/shipment_list.go:92.16,94.3 1 0
storeSystem/internal/database/shipment_list.go:96.2,104.16 2 0
storeSystem/internal/database/shipment_list.go:104.16,106.3 1 0
storeSystem/internal/database/shipment_list.go:109.2,109.35 1 0
storeSystem/internal/database/shipment_list.go:109.35,111.3 1 0
storeSystem/internal/database/shipment_list.go:113.2,113.19 1 0
storeSystem/internal/database/shipment_list.go:130.129,132.42 1 0
storeSystem/internal/database/shipment_list.go:132.42,134.3 1 0
storeSystem/internal/database/shipment_list.go:137.2,137.34 1 0
storeSystem/internal/database/shipment_list.go:137.34,139.3 1 0
storeSystem/internal/database/shipment_list.go:141.2,142.16 2 0
storeSystem/internal/database/shipment_list.go:142.16,144.3 1 0
storeSystem/internal/database/shipment_list.go:145.2,149.24 3 0
storeSystem/internal/database/shipment_list.go:149.24,151.3 1 0
storeSystem/internal/database/shipment_list.go:153.2,159.26 2 0
storeSystem/internal/database/shipment_list.go:159.26,161.3 1 0
storeSystem/internal/database/shipment_list.go:162.2,162.16 1 0
storeSystem/internal/database/shipment_list.go:162.16,164.3 1 0
storeSystem/internal/database/shipment_list.go:167.2,174.26 3 0
storeSystem/internal/database/shipment_list.go:174.26,176.3 1 0
storeSystem/internal/database/shipment_list.go:177.2,177.16 1 0
storeSystem/internal/database/shipment_list.go:177.16,179.3 1 0
storeSystem/internal/database/shipment_list.go:182.2,190.26 3 0
storeSystem/internal/database/shipment_list.go:190.26,192.3 1 0
storeSystem/internal/database/shipment_list.go:193.2,193.16 1 0
storeSystem/internal/database/shipment_list.go:193.16,195.3 1 0
storeSystem/internal/database/shipment_list.go:198.2,198.19 1 0
storeSystem/internal/database/shipment_list.go:198.19,200.3 1 0
storeSystem/internal/database/shipment_list.go:203.2,214.16 2 0
storeSystem/internal/database/shipment_list.go:214.16,216.3 1 0
storeSystem/internal/database/shipment_list.go:218.2,219.23 2 0
storeSystem/internal/database/shipment_list.go:219.23,221.3 1 0
storeSystem/internal/database/shipment_list.go:223.2,230.16 2 0
storeSystem/internal/database/shipment_list.go:230.16,232.3 1 0
storeSystem/internal/database/shipment_list.go:234.2,270.16 3 0
storeSystem/internal/database/shipment_list.go:270.16,272.3 1 0
storeSystem/internal/database/shipment_list.go:274.2,280.16 2 0
storeSystem/internal/database/shipment_list.go:280.16,282.3 1 0
storeSystem/internal/database/shipment_list.go:284.2,284.35 1 0
storeSystem/internal/database/shipment_list.go:284.35,286.3 1 0
storeSystem/internal/database/shipment_list.go:288.2,290.22 3 0
storeSystem/internal/database/stock.go:13.45,15.2 1 0
storeSystem/internal/database/stock.go:17.55,23.16 4 0
storeSystem/internal/database/stock.go:23.16,25.3 1 0
storeSystem/internal/database/stock.go:26.2,26.20 1 0
storeSystem/internal/database/worker.go:16.78,27.26 4 0
storeSystem/internal/database/worker.go:27.26,29.3 1 0
storeSystem/internal/database/worker.go:31.2,31.16 1 0
storeSystem/internal/database/worker.go:31.16,33.3 1 0
storeSystem/internal/database/worker.go:35.2,35.21 1 0
storeSystem/internal/database/worker.go:38.63,49.26 4 0
storeSystem/internal/database/worker.go:49.26,51.3 1 0
storeSystem/internal/database/worker.go:53.2,53.16 1 0
storeSystem/internal/database/worker.go:53.16,55.3 1 0
storeSystem/internal/database/worker.go:57.2,57.21 1 0
storeSystem/internal/database/worker.go:60.87,62.16 2 0
storeSystem/internal/database/worker.go:62.16,64.3 1 0
storeSystem/internal/database/worker.go:66.2,82.16 4 0
storeSystem/internal/database/worker.go:82.16,84.3 1 0
storeSystem/internal/database/worker.go:86.2,86.28 1 0
storeSystem/internal/database/worker.go:89.47,91.2 1 0
storeSystem/cmd/api/main.go:17.13,19.23 2 0
storeSystem/cmd/api/main.go:19.23,21.3 1 0
storeSystem/cmd/api/main.go:22.2,23.22 2 0
storeSystem/cmd/api/main.go:23.22,25.3 1 0
storeSystem/cmd/api/main.go:27.2,31.16 4 0
storeSystem/cmd/api/main.go:31.16,33.3 1 0
storeSystem/cmd/api/main.go:35.2,37.16 3 0
storeSystem/cmd/api/main.go:37.16,39.3 1 0
storeSystem/cmd/api/main.go:40.2,77.46 19 0
storeSystem/cmd/api/main.go:77.46,79.3 1 0
storeSystem/cmd/api/main.go:81.2,81.39 1 0
storeSystem/cmd/api/main.go:81.39,84.45 2 0
storeSystem/cmd/api/main.go:84.45,89.4 4 0
storeSystem/cmd/api/main.go:91.3,91.54 1 0
storeSystem/cmd/api/main.go:91.54,96.4 4 0
storeSystem/cmd/api/main.go:98.3,98.50 1 0
storeSystem/cmd/api/main.go:98.50,104.4 5 0
storeSystem/cmd/api/main.go:106.3,106.49 1 0
storeSystem/cmd/api/main.go:106.49,112.4 5 0
storeSystem/cmd/api/main.go:114.3,114.54 1 0
storeSystem/cmd/api/main.go:114.54,119.4 4 0
storeSystem/cmd/api/main.go:121.3,121.44 1 0
storeSystem/cmd/api/main.go:121.44,124.4 2 0
storeSystem/cmd/api/main.go:126.3,128.84 2 0
storeSystem/cmd/api/main.go:128.84,132.4 3 0
storeSystem/cmd/api/main.go:134.3,137.80 3 0
storeSystem/cmd/api/main.go:142.2,145.16 3 0
storeSystem/cmd/api/main.go:145.16,147.3 1 0
storeSystem/internal/auth/jwt.go:13.77,29.2 3 0
storeSystem/internal/auth/jwt.go:31.61,35.47 1 0
storeSystem/internal/auth/jwt.go:35.47,37.4 1 0
storeSystem/internal/auth/jwt.go:40.2,40.16 1 0
storeSystem/internal/auth/jwt.go:40.16,42.3 1 0
storeSystem/internal/auth/jwt.go:44.2,45.25 2 0
storeSystem/internal/auth/jwt.go:45.25,47.3 1 0
storeSystem/internal/auth/jwt.go:49.2,49.20 1 0
storeSystem/internal/auth/password.go:9.52,14.16 2 0
storeSystem/internal/auth/password.go:14.16,16.3 1 0
storeSystem/internal/auth/password.go:18.2,18.26 1 0
storeSystem/internal/auth/password.go:21.56,27.2 1 0
storeSystem/internal/minio/client.go:24.30,26.2 1 0
storeSystem/internal/minio/client.go:28.41,35.16 3 0
storeSystem/internal/minio/client.go:35.16,37.3 1 0
storeSystem/internal/minio/client.go:39.2,42.16 3 0
storeSystem/internal/minio/client.go:42.16,44.3 1 0
storeSystem/internal/minio/client.go:45.2,45.13 1 0
storeSystem/internal/minio/client.go:45.13,47.17 2 0
storeSystem/internal/minio/client.go:47.17,49.4 1 0
storeSystem/internal/minio/client.go:52.2,52.12 1 0
storeSystem/internal/minio/service.go:15.91,28.16 4 0
storeSystem/internal/minio/service.go:28.16,30.3 1 0
storeSystem/internal/minio/service.go:32.2,39.16 2 0
storeSystem/internal/minio/service.go:39.16,41.3 1 0
storeSystem/internal/minio/service.go:43.2,46.8 1 0
storeSystem/internal/minio/service.go:49.63,52.16 2 0
storeSystem/internal/minio/service.go:52.16,54.3 1 0
storeSystem/internal/minio/service.go:56.2,56.26 1 0
storeSystem/internal/logic/file_handler.go:10.46,14.6 3 0
storeSystem/internal/logic/file_handler.go:14.6,16.20 2 0
storeSystem/internal/logic/file_handler.go:16.20,17.9 1 0
storeSystem/internal/logic/file_handler.go:19.3,19.17 1 0
storeSystem/internal/logic/file_handler.go:19.17,21.4 1 0
storeSystem/internal/logic/file_handler.go:23.3,24.51 2 0
storeSystem/internal/logic/file_handler.go:26.2,26.12 1 0
storeSystem/internal/validation/validator.go:7.13,9.2 1 0
storeSystem/internal/handlers/auth_handler.go:16.66,19.63 2 1
storeSystem/internal/handlers/auth_handler.go:19.63,22.3 2 1
storeSystem/internal/handlers/auth_handler.go:24.2,25.16 2 1
storeSystem/internal/handlers/auth_handler.go:25.16,28.3 2 1
storeSystem/internal/handlers/auth_handler.go:30.2,32.16 2 1
storeSystem/internal/handlers/auth_handler.go:32.16,35.3 2 0
storeSystem/internal/handlers/auth_handler.go:37.2,38.16 2 1
storeSystem/internal/handlers/auth_handler.go:38.16,41.3 2 0
storeSystem/internal/handlers/auth_handler.go:43.2,57.4 2 1
storeSystem/internal/handlers/auth_handler.go:60.67,74.2 2 1
storeSystem/internal/handlers/auth_handler.go:76.63,78.9 2 1
storeSystem/internal/handlers/auth_handler.go:78.9,81.3 2 1
storeSystem/internal/handlers/auth_handler.go:83.2,87.4 1 1
storeSystem/internal/handlers/auth_handler.go:90.73,93.63 2 1
storeSystem/internal/handlers/auth_handler.go:93.63,96.3 2 1
storeSystem/internal/handlers/auth_handler.go:98.2,99.16 2 1
storeSystem/internal/handlers/auth_handler.go:99.16,102.3 2 1
storeSystem/internal/handlers/auth_handler.go:104.2,105.16 2 0
storeSystem/internal/handlers/auth_handler.go:105.16,108.3 2 0
storeSystem/internal/handlers/auth_handler.go:110.2,111.16 2 0
storeSystem/internal/handlers/auth_handler.go:111.16,114.3 2 0
storeSystem/internal/handlers/auth_handler.go:116.2,116.48 1 0
storeSystem/internal/handlers/counterparty_handler.go:13.81,17.16 4 1
storeSystem/internal/handlers/counterparty_handler.go:17.16,20.3 2 0
storeSystem/internal/handlers/counterparty_handler.go:21.2,21.51 1 1
storeSystem/internal/handlers/counterparty_handler.go:24.80,28.16 3 1
storeSystem/internal/handlers/counterparty_handler.go:28.16,31.3 2 1
storeSystem/internal/handlers/counterparty_handler.go:32.2,33.16 2 1
storeSystem/internal/handlers/counterparty_handler.go:33.16,36.3 2 1
storeSystem/internal/handlers/counterparty_handler.go:37.2,37.49 1 1
storeSystem/internal/handlers/counterparty_handler.go:40.79,43.63 2 1
storeSystem/internal/handlers/counterparty_handler.go:43.63,46.3 2 1
storeSystem/internal/handlers/counterparty_handler.go:48.2,50.16 2 1
storeSystem/internal/handlers/counterparty_handler.go:50.16,53.3 2 1
storeSystem/internal/handlers/counterparty_handler.go:54.2,54.54 1 1
storeSystem/internal/handlers/delivery_handler.go:14.77,19.16 3 1
storeSystem/internal/handlers/delivery_handler.go:19.16,22.3 2 0
storeSystem/internal/handlers/delivery_handler.go:23.2,23.40 1 1
storeSystem/internal/handlers/delivery_handler.go:26.76,30.16 3 1
storeSystem/internal/handlers/delivery_handler.go:30.16,33.3 2 1
storeSystem/internal/handlers/delivery_handler.go:34.2,35.16 2 1
storeSystem/internal/handlers/delivery_handler.go:35.16,38.3 2 1
storeSystem/internal/handlers/delivery_handler.go:39.2,39.40 1 1
storeSystem/internal/handlers/delivery_handler.go:42.75,45.63 2 1
storeSystem/internal/handlers/delivery_handler.go:45.63,48.3 2 1
storeSystem/internal/handlers/delivery_handler.go:50.2,50.43 1 1
storeSystem/internal/handlers/delivery_handler.go:50.43,53.3 2 1
storeSystem/internal/handlers/delivery_handler.go:55.2,57.16 2 1
storeSystem/internal/handlers/delivery_handler.go:57.16,60.3 2 0
storeSystem/internal/handlers/delivery_handler.go:61.2,61.45 1 1
storeSystem/internal/handlers/delivery_handler.go:64.89,68.16 3 1
storeSystem/internal/handlers/delivery_handler.go:68.16,71.3 2 1
storeSystem/internal/handlers/delivery_handler.go:72.2,74.16 2 1
storeSystem/internal/handlers/delivery_handler.go:74.16,77.3 2 1
storeSystem/internal/handlers/delivery_handler.go:78.2,78.42 1 1
storeSystem/internal/handlers/delivery_handler.go:81.77,84.16 3 1
storeSystem/internal/handlers/delivery_handler.go:84.16,87.3 2 1
storeSystem/internal/handlers/delivery_handler.go:89.2,90.16 2 1
storeSystem/internal/handlers/delivery_handler.go:90.16,93.3 2 1
storeSystem/internal/handlers/delivery_handler.go:95.2,97.4 1 1
storeSystem/internal/handlers/delivery_list_handler.go:16.80,19.16 2 0
storeSystem/internal/handlers/delivery_list_handler.go:19.16,22.3 2 0
storeSystem/internal/handlers/delivery_list_handler.go:23.2,23.45 1 0
storeSystem/internal/handlers/delivery_list_handler.go:26.80,30.16 3 1
storeSystem/internal/handlers/delivery_list_handler.go:30.16,33.3 2 1
storeSystem/internal/handlers/delivery_list_handler.go:34.2,35.16 2 1
storeSystem/internal/handlers/delivery_list_handler.go:35.16,38.3 2 1
storeSystem/internal/handlers/delivery_list_handler.go:39.2,39.44 1 1
storeSystem/internal/handlers/delivery_list_handler.go:42.79,45.63 2 1
storeSystem/internal/handlers/delivery_list_handler.go:45.63,48.3 2 1
storeSystem/internal/handlers/delivery_list_handler.go:50.2,50.44 1 1
storeSystem/internal/handlers/delivery_list_handler.go:50.44,53.3 2 1
storeSystem/internal/handlers/delivery_list_handler.go:55.2,57.16 2 1
storeSystem/internal/handlers/delivery_list_handler.go:57.16,60.3 2 1
storeSystem/internal/handlers/delivery_list_handler.go:61.2,61.49 1 1
storeSystem/internal/handlers/delivery_list_handler.go:64.87,66.16 2 1
storeSystem/internal/handlers/delivery_list_handler.go:66.16,68.3 1 1
storeSystem/internal/handlers/delivery_list_handler.go:70.2,71.21 2 1
storeSystem/internal/handlers/delivery_list_handler.go:71.21,73.3 1 1
storeSystem/internal/handlers/delivery_list_handler.go:75.2,86.16 9 1
storeSystem/internal/handlers/delivery_list_handler.go:86.16,88.3 1 1
storeSystem/internal/handlers/delivery_list_handler.go:89.2,89.21 1 1
storeSystem/internal/handlers/delivery_list_handler.go:92.79,94.16 2 1
storeSystem/internal/handlers/delivery_list_handler.go:94.16,98.3 3 1
storeSystem/internal/handlers/delivery_list_handler.go:99.2,109.6 7 1
storeSystem/internal/handlers/delivery_list_handler.go:109.6,111.20 2 1
storeSystem/internal/handlers/delivery_list_handler.go:111.20,112.9 1 1
storeSystem/internal/handlers/delivery_list_handler.go:114.3,114.17 1 1
storeSystem/internal/handlers/delivery_list_handler.go:114.17,117.4 2 0
storeSystem/internal/handlers/delivery_list_handler.go:119.3,119.16 1 1
storeSystem/internal/handlers/delivery_list_handler.go:119.16,121.12 2 1
storeSystem/internal/handlers/delivery_list_handler.go:124.3,127.17 3 1
storeSystem/internal/handlers/delivery_list_handler.go:127.17,130.4 2 0
storeSystem/internal/handlers/delivery_list_handler.go:132.3,132.35 1 1
storeSystem/internal/handlers/delivery_list_handler.go:135.2,135.43 1 1
storeSystem/internal/handlers/handlers.go:43.13,57.2 1 0
storeSystem/internal/handlers/handlers.go:59.82,63.2 3 1
storeSystem/internal/handlers/handlers.go:65.78,67.2 1 1
storeSystem/internal/handlers/item_handler.go:13.72,16.16 2 1
storeSystem/internal/handlers/item_handler.go:16.16,19.3 2 0
storeSystem/internal/handlers/item_handler.go:20.2,20.42 1 1
storeSystem/internal/handlers/item_handler.go:23.72,27.16 3 1
storeSystem/internal/handlers/item_handler.go:27.16,30.3 2 1
storeSystem/internal/handlers/item_handler.go:31.2,32.16 2 1
storeSystem/internal/handlers/item_handler.go:32.16,35.3 2 1
storeSystem/internal/handlers/item_handler.go:36.2,36.41 1 1
storeSystem/internal/handlers/item_handler.go:39.71,42.63 2 1
storeSystem/internal/handlers/item_handler.go:42.63,45.3 2 1
storeSystem/internal/handlers/item_handler.go:47.2,47.44 1 1
storeSystem/internal/handlers/item_handler.go:47.44,50.3 2 1
storeSystem/internal/handlers/item_handler.go:52.2,54.16 2 1
storeSystem/internal/handlers/item_handler.go:54.16,57.3 2 1
storeSystem/internal/handlers/item_handler.go:58.2,58.46 1 1
storeSystem/internal/handlers/item_handler.go:61.71,65.16 3 1
storeSystem/internal/handlers/item_handler.go:65.16,68.3 2 1
storeSystem/internal/handlers/item_handler.go:70.2,73.16 3 1
storeSystem/internal/handlers/item_handler.go:73.16,76.3 2 1
storeSystem/internal/handlers/item_handler.go:78.2,78.69 1 1
storeSystem/internal/handlers/item_handler.go:78.69,80.3 1 1
storeSystem/internal/handlers/item_handler.go:81.2,83.16 2 1
storeSystem/internal/handlers/item_handler.go:83.16,84.56 1 1
storeSystem/internal/handlers/item_handler.go:84.56,86.4 1 1
storeSystem/internal/handlers/item_handler.go:86.9,88.4 1 1
storeSystem/internal/handlers/item_handler.go:89.3,89.9 1 1
storeSystem/internal/handlers/item_handler.go:91.2,91.41 1 1
storeSystem/internal/handlers/middleware.go:15.67,16.71 1 1
storeSystem/internal/handlers/middleware.go:16.71,18.17 2 1
storeSystem/internal/handlers/middleware.go:18.17,21.4 2 1
storeSystem/internal/handlers/middleware.go:23.3,23.25 1 1
storeSystem/internal/handlers/middleware.go:23.25,26.4 2 0
storeSystem/internal/handlers/middleware.go:28.3,29.17 2 1
storeSystem/internal/handlers/middleware.go:29.17,32.4 2 0
storeSystem/internal/handlers/middleware.go:34.3,35.40 2 1
storeSystem/internal/handlers/middleware.go:39.75,42.2 2 1
storeSystem/internal/handlers/middleware.go:44.53,45.46 1 1
storeSystem/internal/handlers/middleware.go:45.46,46.72 1 1
storeSystem/internal/handlers/middleware.go:46.72,48.11 2 1
storeSystem/internal/handlers/middleware.go:48.11,51.5 2 1
storeSystem/internal/handlers/middleware.go:53.4,53.26 1 1
storeSystem/internal/handlers/middleware.go:53.26,56.5 2 0
storeSystem/internal/handlers/middleware.go:57.4,57.78 1 1
storeSystem/internal/handlers/report_handler.go:22.60,24.16 2 1
storeSystem/internal/handlers/report_handler.go:24.16,26.3 1 0
storeSystem/internal/handlers/report_handler.go:28.2,28.122 1 1
storeSystem/internal/handlers/report_handler.go:28.122,30.3 1 0
storeSystem/internal/handlers/report_handler.go:32.2,32.31 1 1
storeSystem/internal/handlers/report_handler.go:32.31,39.46 2 1
storeSystem/internal/handlers/report_handler.go:39.46,41.4 1 0
storeSystem/internal/handlers/report_handler.go:43.2,43.12 1 1
storeSystem/internal/handlers/report_handler.go:46.70,48.16 2 0
storeSystem/internal/handlers/report_handler.go:48.16,50.3 1 0
storeSystem/internal/handlers/report_handler.go:52.2,52.238 1 0
storeSystem/internal/handlers/report_handler.go:52.238,54.3 1 0
storeSystem/internal/handlers/report_handler.go:56.2,56.38 1 0
storeSystem/internal/handlers/report_handler.go:56.38,66.46 2 0
storeSystem/internal/handlers/report_handler.go:66.46,68.4 1 0
storeSystem/internal/handlers/report_handler.go:70.2,70.12 1 0
storeSystem/internal/handlers/report_handler.go:73.95,78.33 4 1
storeSystem/internal/handlers/report_handler.go:79.15,80.42 1 1
storeSystem/internal/handlers/report_handler.go:81.25,82.52 1 0
storeSystem/internal/handlers/report_handler.go:83.10,84.75 1 1
storeSystem/internal/handlers/report_handler.go:87.2,87.26 1 1
storeSystem/internal/handlers/report_handler.go:87.26,89.3 1 1
storeSystem/internal/handlers/report_handler.go:91.2,92.39 2 1
storeSystem/internal/handlers/report_handler.go:92.39,94.3 1 0
storeSystem/internal/handlers/report_handler.go:96.2,104.16 4 1
storeSystem/internal/handlers/report_handler.go:104.16,106.3 1 0
storeSystem/internal/handlers/report_handler.go:108.2,117.16 2 1
storeSystem/internal/handlers/report_handler.go:117.16,119.3 1 0
storeSystem/internal/handlers/report_handler.go:121.2,124.8 1 1
storeSystem/internal/handlers/report_handler.go:127.75,130.64 2 0
storeSystem/internal/handlers/report_handler.go:130.64,133.3 2 0
storeSystem/internal/handlers/report_handler.go:135.2,136.9 2 0
storeSystem/internal/handlers/report_handler.go:136.9,139.3 2 0
storeSystem/internal/handlers/report_handler.go:140.2,144.16 3 0
storeSystem/internal/handlers/report_handler.go:144.16,147.3 2 0
storeSystem/internal/handlers/report_handler.go:149.2,152.4 1 0
storeSystem/internal/handlers/report_handler.go:155.76,157.9 2 1
storeSystem/internal/handlers/report_handler.go:157.9,160.3 2 1
storeSystem/internal/handlers/report_handler.go:161.2,164.16 3 1
storeSystem/internal/handlers/report_handler.go:164.16,167.3 2 0
storeSystem/internal/handlers/report_handler.go:169.2,181.33 3 1
storeSystem/internal/handlers/report_handler.go:181.33,183.17 2 1
storeSystem/internal/handlers/report_handler.go:183.17,184.12 1 1
storeSystem/internal/handlers/report_handler.go:187.3,195.5 1 1
storeSystem/internal/handlers/report_handler.go:198.2,198.43 1 1
storeSystem/internal/handlers/shipment_handler.go:14.76,19.16 3 1
storeSystem/internal/handlers/shipment_handler.go:19.16,22.3 2 0
storeSystem/internal/handlers/shipment_handler.go:24.2,24.39 1 1
storeSystem/internal/handlers/shipment_handler.go:27.76,31.16 3 1
storeSystem/internal/handlers/shipment_handler.go:31.16,34.3 2 1
storeSystem/internal/handlers/shipment_handler.go:36.2,37.16 2 1
storeSystem/internal/handlers/shipment_handler.go:37.16,40.3 2 1
storeSystem/internal/handlers/shipment_handler.go:42.2,42.39 1 1
storeSystem/internal/handlers/shipment_handler.go:45.75,48.63 2 1
storeSystem/internal/handlers/shipment_handler.go:48.63,51.3 2 1
storeSystem/internal/handlers/shipment_handler.go:53.2,53.43 1 1
storeSystem/internal/handlers/shipment_handler.go:53.43,56.3 2 1
storeSystem/internal/handlers/shipment_handler.go:58.2,59.16 2 1
storeSystem/internal/handlers/shipment_handler.go:59.16,62.3 2 1
storeSystem/internal/handlers/shipment_handler.go:64.2,64.44 1 1
storeSystem/internal/handlers/shipment_handler.go:67.89,71.16 3 1
storeSystem/internal/handlers/shipment_handler.go:71.16,74.3 2 1
storeSystem/internal/handlers/shipment_handler.go:76.2,77.16 2 1
storeSystem/internal/handlers/shipment_handler.go:77.16,80.3 2 1
storeSystem/internal/handlers/shipment_handler.go:82.2,82.42 1 1
storeSystem/internal/handlers/shipment_handler.go:85.77,88.16 3 1
storeSystem/internal/handlers/shipment_handler.go:88.16,91.3 2 1
storeSystem/internal/handlers/shipment_handler.go:93.2,94.16 2 1
storeSystem/internal/handlers/shipment_handler.go:94.16,97.3 2 1
storeSystem/internal/handlers/shipment_handler.go:99.2,101.4 1 1
storeSystem/internal/handlers/shipment_list_handler.go:19.80,22.16 2 1
storeSystem/internal/handlers/shipment_list_handler.go:22.16,25.3 2 0
storeSystem/internal/handlers/shipment_list_handler.go:27.2,27.42 1 1
storeSystem/internal/handlers/shipment_list_handler.go:30.80,34.16 3 1
storeSystem/internal/handlers/shipment_list_handler.go:34.16,37.3 2 1
storeSystem/internal/handlers/shipment_list_handler.go:39.2,40.16 2 1
storeSystem/internal/handlers/shipment_list_handler.go:40.16,43.3 2 1
storeSystem/internal/handlers/shipment_list_handler.go:45.2,45.41 1 1
storeSystem/internal/handlers/shipment_list_handler.go:48.79,51.63 2 1
storeSystem/internal/handlers/shipment_list_handler.go:51.63,54.3 2 1
storeSystem/internal/handlers/shipment_list_handler.go:56.2,56.44 1 1
storeSystem/internal/handlers/shipment_list_handler.go:56.44,59.3 2 1
storeSystem/internal/handlers/shipment_list_handler.go:61.2,62.16 2 1
storeSystem/internal/handlers/shipment_list_handler.go:62.16,65.3 2 1
storeSystem/internal/handlers/shipment_list_handler.go:67.2,67.46 1 1
storeSystem/internal/handlers/shipment_list_handler.go:70.95,72.16 2 1
storeSystem/internal/handlers/shipment_list_handler.go:72.16,74.3 1 1
storeSystem/internal/handlers/shipment_list_handler.go:76.2,77.21 2 1
storeSystem/internal/handlers/shipment_list_handler.go:77.21,79.3 1 1
storeSystem/internal/handlers/shipment_list_handler.go:81.2,92.16 9 1
storeSystem/internal/handlers/shipment_list_handler.go:92.16,94.3 1 0
storeSystem/internal/handlers/shipment_list_handler.go:96.2,96.18 1 1
storeSystem/internal/handlers/shipment_list_handler.go:99.79,101.16 2 0
storeSystem/internal/handlers/shipment_list_handler.go:101.16,105.3 3 0
storeSystem/internal/handlers/shipment_list_handler.go:106.2,117.6 7 0
storeSystem/internal/handlers/shipment_list_handler.go:117.6,119.20 2 0
storeSystem/internal/handlers/shipment_list_handler.go:119.20,120.9 1 0
storeSystem/internal/handlers/shipment_list_handler.go:122.3,122.17 1 0
storeSystem/internal/handlers/shipment_list_handler.go:122.17,125.4 2 0
storeSystem/internal/handlers/shipment_list_handler.go:127.3,127.16 1 0
storeSystem/internal/handlers/shipment_list_handler.go:127.16,129.12 2 0
storeSystem/internal/handlers/shipment_list_handler.go:132.3,135.17 3 0
storeSystem/internal/handlers/shipment_list_handler.go:135.17,138.4 2 0
storeSystem/internal/handlers/shipment_list_handler.go:140.3,140.32 1 0
storeSystem/internal/handlers/shipment_list_handler.go:143.2,143.43 1 0
storeSystem/internal/handlers/stock_handler.go:8.73,11.26 2 1
storeSystem/internal/handlers/stock_handler.go:11.26,14.3 2 1
storeSystem/internal/handlers/stock_handler.go:16.2,16.16 1 1
storeSystem/internal/handlers/stock_handler.go:16.16,19.3 2 1
storeSystem/internal/handlers/stock_handler.go:20.2,20.43 1 1
storeSystem/internal/handlers/websocket_handler.go:25.42,25.57 1 0
storeSystem/internal/handlers/websocket_handler.go:28.67,34.9 5 0
storeSystem/internal/handlers/websocket_handler.go:34.9,36.3 1 0
storeSystem/internal/handlers/websocket_handler.go:38.2,39.16 2 0
storeSystem/internal/handlers/websocket_handler.go:39.16,42.3 2 0
storeSystem/internal/handlers/websocket_handler.go:44.2,45.16 2 0
storeSystem/internal/handlers/websocket_handler.go:45.16,48.3 2 0
storeSystem/internal/handlers/websocket_handler.go:50.2,51.16 2 0
storeSystem/internal/handlers/websocket_handler.go:51.16,53.3 1 0
storeSystem/internal/handlers/websocket_handler.go:55.2,62.33 3 0
storeSystem/internal/handlers/websocket_handler.go:62.33,64.3 1 0
storeSystem/internal/handlers/websocket_handler.go:65.2,68.15 3 0
storeSystem/internal/handlers/websocket_handler.go:68.15,71.3 2 0
storeSystem/internal/handlers/websocket_handler.go:73.2,73.6 1 0
storeSystem/internal/handlers/websocket_handler.go:73.6,74.50 1 0
storeSystem/internal/handlers/websocket_handler.go:74.50,75.9 1 0
storeSystem/internal/handlers/websocket_handler.go:80.78,86.27 4 1
storeSystem/internal/handlers/websocket_handler.go:86.27,87.23 1 1
storeSystem/internal/handlers/websocket_handler.go:87.23,89.9 2 1
storeSystem/internal/handlers/websocket_handler.go:93.2,93.20 1 1
storeSystem/internal/handlers/websocket_handler.go:93.20,95.3 1 0
storeSystem/internal/handlers/websocket_handler.go:95.8,97.3 1 1
storeSystem/internal/handlers/websocket_handler.go:100.80,107.30 5 0
storeSystem/internal/handlers/websocket_handler.go:107.30,109.17 2 0
storeSystem/internal/handlers/websocket_handler.go:109.17,111.12 2 0
storeSystem/internal/handlers/websocket_handler.go:113.3,113.29 1 0
storeSystem/internal/handlers/websocket_handler.go:116.2,117.21 2 0
storeSystem/internal/handlers/websocket_handler.go:117.21,119.3 1 0
storeSystem/internal/handlers/websocket_handler.go:119.8,121.3 1 0
storeSystem/internal/handlers/websocket_handler.go:122.2,122.15 1 0
storeSystem/internal/handlers/websocket_handler.go:125.45,130.6 3 0
storeSystem/internal/handlers/websocket_handler.go:130.6,131.10 1 0
storeSystem/internal/handlers/websocket_handler.go:132.31,133.16 1 0
storeSystem/internal/handlers/websocket_handler.go:133.16,134.13 1 0
storeSystem/internal/handlers/websocket_handler.go:137.4,138.64 2 0
storeSystem/internal/handlers/websocket_handler.go:138.64,139.13 1 0
storeSystem/internal/handlers/websocket_handler.go:142.4,142.23 1 0
storeSystem/internal/handlers/websocket_handler.go:147.51,152.47 4 1
storeSystem/internal/handlers/websocket_handler.go:152.47,154.28 1 1
storeSystem/internal/handlers/websocket_handler.go:154.28,159.22 3 1
storeSystem/internal/handlers/websocket_handler.go:160.20,161.91 1 1
storeSystem/internal/handlers/websocket_handler.go:163.20,164.91 1 0
storeSystem/internal/handlers/websocket_handler.go:167.4,167.18 1 1
storeSystem/internal/handlers/websocket_handler.go:167.18,173.13 4 1
storeSystem/internal/handlers/websocket_handler.go:176.4,178.61 2 0
